[
  {
    "DocNum": 1,
    "DocEntry": 1,
    "DocType": "dDocument_Items",
    "DocumentLines": [
      {
        "LineNum": 0,
        "ItemCode": "A00001",
        "ItemDescription": "Imprimante IBM type Infoprint 1312",
        "Quantity": 5,
        "SelectedQuantity": 0,
        "ShipDate": "2006-01-20",
        "Price": 600
      },
      {
        "LineNum": 1,
        "ItemCode": "A00002",
        "ItemDescription": "Imprimante IBM type Infoprint 1222",
        "Quantity": 5,
        "SelectedQuantity": 0,
        "ShipDate": "2006-01-20",
        "Price": 300
      },
      {
        "LineNum": 2,
        "ItemCode": "A00003",
        "ItemDescription": "Imprimante IBM type Infoprint 1226",
        "Quantity": 5,
        "SelectedQuantity": 0,
        "ShipDate": "2006-01-20",
        "Price": 450
      },
      {
        "LineNum": 3,
        "ItemCode": "A00004",
        "ItemDescription": "Imprimante HP type Color Laser Jet 5",
        "Quantity": 5,
        "SelectedQuantity": 0,
        "ShipDate": "2006-01-20",
        "Price": 750
      },
      {
        "LineNum": 4,
        "ItemCode": "A00005",
        "ItemDescription": "Imprimante HP type Color Laser Jet 4",
        "Quantity": 5,
        "SelectedQuantity": 0,
        "ShipDate": "2006-01-20",
        "Price": 600
      }
    ]
  },
  {
    "DocNum": 2,
    "DocEntry": 2,
    "DocType": "dDocument_Items",
    "DocumentLines": [
      {
        "LineNum": 0,
        "ItemCode": "A00006",
        "ItemDescription": "Imprimante HP type 600 Series Inc",
        "Quantity": 5,
        "SelectedQuantity": 0,
        "ShipDate": "2006-01-25",
        "Price": 500
      },
      {
        "LineNum": 1,
        "ItemCode": "B10000",
        "ItemDescription": "Etiquettes pour imprimante",
        "Quantity": 200,
        "SelectedQuantity": 0,
        "ShipDate": "2006-01-25",
        "Price": 1.25
      }
    ]
  },
  {
    "DocNum": 3,
    "DocEntry": 3,
    "DocType": "dDocument_Items",
    "DocumentLines": [
      {
        "LineNum": 0,
        "ItemCode": "S10000",
        "ItemDescription": "Serveur type Point 10000",
        "Quantity": 5,
        "SelectedQuantity": 0,
        "ShipDate": "2006-01-30",
        "Price": 2306.25
      }
    ]
  },
  {
    "DocNum": 4,
    "DocEntry": 4,
    "DocType": "dDocument_Items",
    "DocumentLines": [
      {
        "LineNum": 0,
        "ItemCode": "C00001",
        "ItemDescription": "Carte mère P4 Turbo",
        "Quantity": 6,
        "SelectedQuantity": 0,
        "ShipDate": "2006-02-04",
        "Price": 600
      },
      {
        "LineNum": 1,
        "ItemCode": "A00003",
        "ItemDescription": "Imprimante IBM type Infoprint 1226",
        "Quantity": 6,
        "SelectedQuantity": 0,
        "ShipDate": "2006-02-04",
        "Price": 450
      },
      {
        "LineNum": 2,
        "ItemCode": "LM4029MC",
        "ItemDescription": "Barette mémoire",
        "Quantity": 10,
        "SelectedQuantity": 0,
        "ShipDate": "2006-02-04",
        "Price": 75
      }
    ]
  },
  {
    "DocNum": 5,
    "DocEntry": 5,
    "DocType": "dDocument_Items",
    "DocumentLines": [
      {
        "LineNum": 0,
        "ItemCode": "A00001",
        "ItemDescription": "Imprimante IBM type Infoprint 1312",
        "Quantity": 5,
        "SelectedQuantity": 0,
        "ShipDate": "2006-02-10",
        "Price": 500
      },
      {
        "LineNum": 1,
        "ItemCode": "A00002",
        "ItemDescription": "Imprimante IBM type Infoprint 1222",
        "Quantity": 5,
        "SelectedQuantity": 0,
        "ShipDate": "2006-02-10",
        "Price": 250
      },
      {
        "LineNum": 2,
        "ItemCode": "A00003",
        "ItemDescription": "Imprimante IBM type Infoprint 1226",
        "Quantity": 5,
        "SelectedQuantity": 0,
        "ShipDate": "2006-02-10",
        "Price": 375
      },
      {
        "LineNum": 3,
        "ItemCode": "A00004",
        "ItemDescription": "Imprimante HP type Color Laser Jet 5",
        "Quantity": 5,
        "SelectedQuantity": 0,
        "ShipDate": "2006-02-10",
        "Price": 625
      },
      {
        "LineNum": 4,
        "ItemCode": "A00005",
        "ItemDescription": "Imprimante HP type Color Laser Jet 4",
        "Quantity": 5,
        "SelectedQuantity": 0,
        "ShipDate": "2006-02-10",
        "Price": 500
      },
      {
        "LineNum": 5,
        "ItemCode": "A00006",
        "ItemDescription": "Imprimante HP type 600 Series Inc",
        "Quantity": 5,
        "SelectedQuantity": 0,
        "ShipDate": "2006-02-10",
        "Price": 500
      },
      {
        "LineNum": 6,
        "ItemCode": "P10001",
        "ItemDescription": "PC - P4 2.4G, DDR 512M, 400G HD",
        "Quantity": 2,
        "SelectedQuantity": 0,
        "ShipDate": "2006-02-10",
        "Price": 1775
      }
    ]
  },
  {
    "DocNum": 6,
    "DocEntry": 6,
    "DocType": "dDocument_Items",
    "DocumentLines": [
      {
        "LineNum": 0,
        "ItemCode": "C00002",
        "ItemDescription": "Carte mère P4 Turbo - Asus Chipset",
        "Quantity": 10,
        "SelectedQuantity": 0,
        "ShipDate": "2006-02-25",
        "Price": 375
      },
      {
        "LineNum": 1,
        "ItemCode": "C00010",
        "ItemDescription": "Souris USB",
        "Quantity": 20,
        "SelectedQuantity": 0,
        "ShipDate": "2006-02-25",
        "Price": 25
      },
      {
        "LineNum": 2,
        "ItemCode": "C00011",
        "ItemDescription": "Barette mémoire DDR RAM 512 MB",
        "Quantity": 20,
        "SelectedQuantity": 0,
        "ShipDate": "2006-02-25",
        "Price": 50
      },
      {
        "LineNum": 3,
        "ItemCode": "C00008",
        "ItemDescription": "Moniteur 19' TFT",
        "Quantity": 10,
        "SelectedQuantity": 0,
        "ShipDate": "2006-02-25",
        "Price": 250
      },
      {
        "LineNum": 4,
        "ItemCode": "C00009",
        "ItemDescription": "Clavier USB type Comfort",
        "Quantity": 15,
        "SelectedQuantity": 0,
        "ShipDate": "2006-02-25",
        "Price": 25
      }
    ]
  },
  {
    "DocNum": 7,
    "DocEntry": 7,
    "DocType": "dDocument_Items",
    "DocumentLines": [
      {
        "LineNum": 0,
        "ItemCode": "A00002",
        "ItemDescription": "Imprimante IBM type Infoprint 1222",
        "Quantity": 10,
        "SelectedQuantity": 0,
        "ShipDate": "2006-03-03",
        "Price": 250
      },
      {
        "LineNum": 1,
        "ItemCode": "A00003",
        "ItemDescription": "Imprimante IBM type Infoprint 1226",
        "Quantity": 10,
        "SelectedQuantity": 0,
        "ShipDate": "2006-03-03",
        "Price": 375
      },
      {
        "LineNum": 2,
        "ItemCode": "P10002",
        "ItemDescription": "PC - P4 2.4G, DDR 1024M, 400G HD",
        "Quantity": 2,
        "SelectedQuantity": 0,
        "ShipDate": "2006-03-03",
        "Price": 1700
      }
    ]
  },
  {
    "DocNum": 8,
    "DocEntry": 8,
    "DocType": "dDocument_Items",
    "DocumentLines": [
      {
        "LineNum": 0,
        "ItemCode": "A00006",
        "ItemDescription": "Imprimante HP type 600 Series Inc",
        "Quantity": 10,
        "SelectedQuantity": 0,
        "ShipDate": "2006-03-07",
        "Price": 600
      },
      {
        "LineNum": 1,
        "ItemCode": "B10000",
        "ItemDescription": "Etiquettes pour imprimante",
        "Quantity": 400,
        "SelectedQuantity": 0,
        "ShipDate": "2006-03-07",
        "Price": 1.5
      }
    ]
  },
  {
    "DocNum": 9,
    "DocEntry": 9,
    "DocType": "dDocument_Items",
    "DocumentLines": [
      {
        "LineNum": 0,
        "ItemCode": "A00001",
        "ItemDescription": "Imprimante IBM type Infoprint 1312",
        "Quantity": 8,
        "SelectedQuantity": 0,
        "ShipDate": "2006-03-15",
        "Price": 600
      },
      {
        "LineNum": 1,
        "ItemCode": "A00003",
        "ItemDescription": "Imprimante IBM type Infoprint 1226",
        "Quantity": 8,
        "SelectedQuantity": 0,
        "ShipDate": "2006-03-15",
        "Price": 450
      },
      {
        "LineNum": 2,
        "ItemCode": "LM4029MC",
        "ItemDescription": "Barette mémoire",
        "Quantity": 20,
        "SelectedQuantity": 0,
        "ShipDate": "2006-03-15",
        "Price": 75
      }
    ]
  },
  {
    "DocNum": 10,
    "DocEntry": 10,
    "DocType": "dDocument_Items",
    "DocumentLines": [
      {
        "LineNum": 0,
        "ItemCode": "S10000",
        "ItemDescription": "Serveur type Point 10000",
        "Quantity": 5,
        "SelectedQuantity": 0,
        "ShipDate": "2006-03-26",
        "Price": 2306.25
      },
      {
        "LineNum": 1,
        "ItemCode": "P10003",
        "ItemDescription": "PC configuration 1",
        "Quantity": 5,
        "SelectedQuantity": 0,
        "ShipDate": "2006-03-26",
        "Price": 375
      },
      {
        "LineNum": 2,
        "ItemCode": "P10004",
        "ItemDescription": "PC configuration 2",
        "Quantity": 5,
        "SelectedQuantity": 0,
        "ShipDate": "2006-03-26",
        "Price": 625
      }
    ]
  },
  {
    "DocNum": 11,
    "DocEntry": 11,
    "DocType": "dDocument_Items",
    "DocumentLines": [
      {
        "LineNum": 0,
        "ItemCode": "C00003",
        "ItemDescription": "Processeur Intel P4 2.4 GhZ",
        "Quantity": 10,
        "SelectedQuantity": 0,
        "ShipDate": "2006-03-30",
        "Price": 227.5
      },
      {
        "LineNum": 1,
        "ItemCode": "C00009",
        "ItemDescription": "Clavier USB type Comfort",
        "Quantity": 20,
        "SelectedQuantity": 0,
        "ShipDate": "2006-03-30",
        "Price": 35
      },
      {
        "LineNum": 2,
        "ItemCode": "C00008",
        "ItemDescription": "Moniteur 19' TFT",
        "Quantity": 20,
        "SelectedQuantity": 0,
        "ShipDate": "2006-03-30",
        "Price": 350
      },
      {
        "LineNum": 3,
        "ItemCode": "C00007",
        "ItemDescription": "Disque dur Seagate 400 GB",
        "Quantity": 10,
        "SelectedQuantity": 0,
        "ShipDate": "2006-03-30",
        "Price": 875
      },
      {
        "LineNum": 4,
        "ItemCode": "C00006",
        "ItemDescription": "Carte réseau 10/100",
        "Quantity": 15,
        "SelectedQuantity": 0,
        "ShipDate": "2006-03-30",
        "Price": 26.25
      }
    ]
  },
  {
    "DocNum": 12,
    "DocEntry": 12,
    "DocType": "dDocument_Items",
    "DocumentLines": [
      {
        "LineNum": 0,
        "ItemCode": "A00006",
        "ItemDescription": "Imprimante HP type 600 Series Inc",
        "Quantity": 20,
        "SelectedQuantity": 0,
        "ShipDate": "2006-04-04",
        "Price": 700
      },
      {
        "LineNum": 1,
        "ItemCode": "B10000",
        "ItemDescription": "Etiquettes pour imprimante",
        "Quantity": 100,
        "SelectedQuantity": 0,
        "ShipDate": "2006-04-04",
        "Price": 1.75
      },
      {
        "LineNum": 2,
        "ItemCode": "A00001",
        "ItemDescription": "Imprimante IBM type Infoprint 1312",
        "Quantity": 10,
        "SelectedQuantity": 0,
        "ShipDate": "2006-04-04",
        "Price": 700
      },
      {
        "LineNum": 3,
        "ItemCode": "A00003",
        "ItemDescription": "Imprimante IBM type Infoprint 1226",
        "Quantity": 10,
        "SelectedQuantity": 0,
        "ShipDate": "2006-04-04",
        "Price": 525
      },
      {
        "LineNum": 4,
        "ItemCode": "LM4029MC",
        "ItemDescription": "Barette mémoire",
        "Quantity": 20,
        "SelectedQuantity": 0,
        "ShipDate": "2006-04-04",
        "Price": 87.5
      }
    ]
  },
  {
    "DocNum": 13,
    "DocEntry": 13,
    "DocType": "dDocument_Items",
    "DocumentLines": [
      {
        "LineNum": 0,
        "ItemCode": "A00001",
        "ItemDescription": "Imprimante IBM type Infoprint 1312",
        "Quantity": 5,
        "SelectedQuantity": 0,
        "ShipDate": "2006-04-09",
        "Price": 700
      },
      {
        "LineNum": 1,
        "ItemCode": "A00003",
        "ItemDescription": "Imprimante IBM type Infoprint 1226",
        "Quantity": 5,
        "SelectedQuantity": 0,
        "ShipDate": "2006-04-09",
        "Price": 525
      },
      {
        "LineNum": 2,
        "ItemCode": "LM4029MC",
        "ItemDescription": "Barette mémoire",
        "Quantity": 10,
        "SelectedQuantity": 0,
        "ShipDate": "2006-04-09",
        "Price": 87.5
      }
    ]
  },
  {
    "DocNum": 14,
    "DocEntry": 14,
    "DocType": "dDocument_Items",
    "DocumentLines": [
      {
        "LineNum": 0,
        "ItemCode": "C00004",
        "ItemDescription": "Tour PC avec alimentation",
        "Quantity": 10,
        "SelectedQuantity": 0,
        "ShipDate": "2006-04-12",
        "Price": 61.25
      },
      {
        "LineNum": 1,
        "ItemCode": "A00002",
        "ItemDescription": "Imprimante IBM type Infoprint 1222",
        "Quantity": 15,
        "SelectedQuantity": 0,
        "ShipDate": "2006-04-12",
        "Price": 350
      },
      {
        "LineNum": 2,
        "ItemCode": "A00003",
        "ItemDescription": "Imprimante IBM type Infoprint 1226",
        "Quantity": 10,
        "SelectedQuantity": 0,
        "ShipDate": "2006-04-12",
        "Price": 525
      },
      {
        "LineNum": 3,
        "ItemCode": "C00006",
        "ItemDescription": "Carte réseau 10/100",
        "Quantity": 15,
        "SelectedQuantity": 0,
        "ShipDate": "2006-04-12",
        "Price": 26.25
      },
      {
        "LineNum": 4,
        "ItemCode": "C00007",
        "ItemDescription": "Disque dur Seagate 400 GB",
        "Quantity": 10,
        "SelectedQuantity": 0,
        "ShipDate": "2006-04-12",
        "Price": 875
      },
      {
        "LineNum": 5,
        "ItemCode": "S10000",
        "ItemDescription": "Serveur type Point 10000",
        "Quantity": 1,
        "SelectedQuantity": 0,
        "ShipDate": "2006-04-12",
        "Price": 3228.75
      }
    ]
  },
  {
    "DocNum": 15,
    "DocEntry": 15,
    "DocType": "dDocument_Items",
    "DocumentLines": [
      {
        "LineNum": 0,
        "ItemCode": "S10000",
        "ItemDescription": "Serveur type Point 10000",
        "Quantity": 5,
        "SelectedQuantity": 0,
        "ShipDate": "2006-04-15",
        "Price": 2306.25
      },
      {
        "LineNum": 1,
        "ItemCode": "P10001",
        "ItemDescription": "PC - P4 2.4G, DDR 512M, 400G HD",
        "Quantity": 2,
        "SelectedQuantity": 0,
        "ShipDate": "2006-04-15",
        "Price": 1775
      },
      {
        "LineNum": 2,
        "ItemCode": "P10003",
        "ItemDescription": "PC configuration 1",
        "Quantity": 5,
        "SelectedQuantity": 0,
        "ShipDate": "2006-04-15",
        "Price": 375
      },
      {
        "LineNum": 3,
        "ItemCode": "P10004",
        "ItemDescription": "PC configuration 2",
        "Quantity": 5,
        "SelectedQuantity": 0,
        "ShipDate": "2006-04-15",
        "Price": 625
      }
    ]
  },
  {
    "DocNum": 16,
    "DocEntry": 16,
    "DocType": "dDocument_Items",
    "DocumentLines": [
      {
        "LineNum": 0,
        "ItemCode": "A00002",
        "ItemDescription": "Imprimante IBM type Infoprint 1222",
        "Quantity": 8,
        "SelectedQuantity": 0,
        "ShipDate": "2006-04-20",
        "Price": 250
      },
      {
        "LineNum": 1,
        "ItemCode": "A00003",
        "ItemDescription": "Imprimante IBM type Infoprint 1226",
        "Quantity": 5,
        "SelectedQuantity": 0,
        "ShipDate": "2006-04-20",
        "Price": 375
      }
    ]
  },
  {
    "DocNum": 17,
    "DocEntry": 17,
    "DocType": "dDocument_Items",
    "DocumentLines": [
      {
        "LineNum": 0,
        "ItemCode": "A00001",
        "ItemDescription": "Imprimante IBM type Infoprint 1312",
        "Quantity": 8,
        "SelectedQuantity": 0,
        "ShipDate": "2006-04-30",
        "Price": 500
      },
      {
        "LineNum": 1,
        "ItemCode": "A00003",
        "ItemDescription": "Imprimante IBM type Infoprint 1226",
        "Quantity": 8,
        "SelectedQuantity": 0,
        "ShipDate": "2006-04-30",
        "Price": 375
      },
      {
        "LineNum": 2,
        "ItemCode": "P10001",
        "ItemDescription": "PC - P4 2.4G, DDR 512M, 400G HD",
        "Quantity": 1,
        "SelectedQuantity": 0,
        "ShipDate": "2006-04-30",
        "Price": 1775
      },
      {
        "LineNum": 3,
        "ItemCode": "P10002",
        "ItemDescription": "PC - P4 2.4G, DDR 1024M, 400G HD",
        "Quantity": 1,
        "SelectedQuantity": 0,
        "ShipDate": "2006-04-30",
        "Price": 1700
      },
      {
        "LineNum": 4,
        "ItemCode": "P10003",
        "ItemDescription": "PC configuration 1",
        "Quantity": 2,
        "SelectedQuantity": 0,
        "ShipDate": "2006-04-30",
        "Price": 375
      },
      {
        "LineNum": 5,
        "ItemCode": "P10004",
        "ItemDescription": "PC configuration 2",
        "Quantity": 2,
        "SelectedQuantity": 0,
        "ShipDate": "2006-04-30",
        "Price": 625
      },
      {
        "LineNum": 6,
        "ItemCode": "LM4029MC",
        "ItemDescription": "Barette mémoire",
        "Quantity": 10,
        "SelectedQuantity": 0,
        "ShipDate": "2006-04-30",
        "Price": 62.5
      }
    ]
  },
  {
    "DocNum": 18,
    "DocEntry": 18,
    "DocType": "dDocument_Items",
    "DocumentLines": [
      {
        "LineNum": 0,
        "ItemCode": "S10000",
        "ItemDescription": "Serveur type Point 10000",
        "Quantity": 7,
        "SelectedQuantity": 0,
        "ShipDate": "2006-05-10",
        "Price": 3228.75
      },
      {
        "LineNum": 1,
        "ItemCode": "P10003",
        "ItemDescription": "PC configuration 1",
        "Quantity": 2,
        "SelectedQuantity": 0,
        "ShipDate": "2006-05-10",
        "Price": 525
      },
      {
        "LineNum": 2,
        "ItemCode": "P10004",
        "ItemDescription": "PC configuration 2",
        "Quantity": 2,
        "SelectedQuantity": 0,
        "ShipDate": "2006-05-10",
        "Price": 875
      }
    ]
  },
  {
    "DocNum": 19,
    "DocEntry": 19,
    "DocType": "dDocument_Items",
    "DocumentLines": [
      {
        "LineNum": 0,
        "ItemCode": "C00005",
        "ItemDescription": "Carte WLAN",
        "Quantity": 12,
        "SelectedQuantity": 0,
        "ShipDate": "2006-05-25",
        "Price": 90
      },
      {
        "LineNum": 1,
        "ItemCode": "C00002",
        "ItemDescription": "Carte mère P4 Turbo - Asus Chipset",
        "Quantity": 12,
        "SelectedQuantity": 0,
        "ShipDate": "2006-05-25",
        "Price": 450
      },
      {
        "LineNum": 2,
        "ItemCode": "C00003",
        "ItemDescription": "Processeur Intel P4 2.4 GhZ",
        "Quantity": 16,
        "SelectedQuantity": 0,
        "ShipDate": "2006-05-25",
        "Price": 195
      },
      {
        "LineNum": 3,
        "ItemCode": "A00004",
        "ItemDescription": "Imprimante HP type Color Laser Jet 5",
        "Quantity": 8,
        "SelectedQuantity": 0,
        "ShipDate": "2006-05-25",
        "Price": 750
      },
      {
        "LineNum": 4,
        "ItemCode": "A00005",
        "ItemDescription": "Imprimante HP type Color Laser Jet 4",
        "Quantity": 15,
        "SelectedQuantity": 0,
        "ShipDate": "2006-05-25",
        "Price": 600
      }
    ]
  },
  {
    "DocNum": 20,
    "DocEntry": 20,
    "DocType": "dDocument_Items",
    "DocumentLines": [
      {
        "LineNum": 0,
        "ItemCode": "A00001",
        "ItemDescription": "Imprimante IBM type Infoprint 1312",
        "Quantity": 10,
        "SelectedQuantity": 0,
        "ShipDate": "2006-05-30",
        "Price": 600
      },
      {
        "LineNum": 1,
        "ItemCode": "B10000",
        "ItemDescription": "Etiquettes pour imprimante",
        "Quantity": 200,
        "SelectedQuantity": 0,
        "ShipDate": "2006-05-30",
        "Price": 1.5
      },
      {
        "LineNum": 2,
        "ItemCode": "A00002",
        "ItemDescription": "Imprimante IBM type Infoprint 1222",
        "Quantity": 8,
        "SelectedQuantity": 0,
        "ShipDate": "2006-05-30",
        "Price": 300
      },
      {
        "LineNum": 3,
        "ItemCode": "A00003",
        "ItemDescription": "Imprimante IBM type Infoprint 1226",
        "Quantity": 5,
        "SelectedQuantity": 0,
        "ShipDate": "2006-05-30",
        "Price": 450
      },
      {
        "LineNum": 4,
        "ItemCode": "LM4029MC",
        "ItemDescription": "Barette mémoire",
        "Quantity": 30,
        "SelectedQuantity": 0,
        "ShipDate": "2006-05-30",
        "Price": 75
      },
      {
        "LineNum": 5,
        "ItemCode": "P10001",
        "ItemDescription": "PC - P4 2.4G, DDR 512M, 400G HD",
        "Quantity": 2,
        "SelectedQuantity": 0,
        "ShipDate": "2006-05-30",
        "Price": 2130
      },
      {
        "LineNum": 6,
        "ItemCode": "P10002",
        "ItemDescription": "PC - P4 2.4G, DDR 1024M, 400G HD",
        "Quantity": 2,
        "SelectedQuantity": 0,
        "ShipDate": "2006-05-30",
        "Price": 2040
      }
    ]
  }
]